******************************************************************************
                  TI ARM Linker PC v16.9.3                     
******************************************************************************
>> Linked Fri Mar 23 16:13:21 2018

OUTPUT FILE NAME:   <autosubTI.out>
ENTRY POINT SYMBOL: "_c_int00"  address: 000046dd


MEMORY CONFIGURATION

         name            origin    length      used     unused   attr    fill
----------------------  --------  ---------  --------  --------  ----  --------
  FLASH                 00000000   00040000  00005268  0003ad98  R  X
  SRAM                  20000000   00008000  000008cf  00007731  RW X


SEGMENT ALLOCATION MAP

run origin  load origin   length   init length attrs members
----------  ----------- ---------- ----------- ----- -------
00000000    00000000    00005268   00005268    r-x
  00000000    00000000    0000026c   0000026c    r-- .intvecs
  0000026c    0000026c    00004d14   00004d14    r-x .text
  00004f80    00004f80    000002a0   000002a0    r-- .const
  00005220    00005220    00000048   00000048    r-- .cinit
20000000    20000000    000008d0   00000000    rw-
  20000000    20000000    000007d0   00000000    rw- .stack
  200007d0    200007d0    000000c7   00000000    rw- .bss
  20000898    20000898    00000038   00000000    rw- .data


SECTION ALLOCATION MAP

 output                                  attributes/
section   page    origin      length       input sections
--------  ----  ----------  ----------   ----------------
.intvecs   0    00000000    0000026c     
                  00000000    0000026c     tm4c123gh6pm_startup_ccs.obj (.intvecs)

.text      0    0000026c    00004d14     
                  0000026c    00001f14     main.obj (.text)
                  00002180    0000113e     rtsv7M4_T_le_v4SPD16_eabi.lib : _printfi.obj (.text)
                  000032be    00000002                                   : i_div0.obj (.text)
                  000032c0    0000049c     uartstdio.obj (.text)
                  0000375c    000001f4     rtsv7M4_T_le_v4SPD16_eabi.lib : ull_div_t2.obj (.text)
                  00003950    000001b6                                   : fd_add_t2.obj (.text)
                  00003b06    00000136                                   : fd_div_t2.obj (.text)
                  00003c3c    00000132     driverlib.lib : gpio.obj (.text:GPIOPadConfigSet)
                  00003d6e    00000002     rtsv7M4_T_le_v4SPD16_eabi.lib : mpu_init.obj (.text)
                  00003d70    00000110     driverlib.lib : sysctl.obj (.text:SysCtlClockGet)
                  00003e80    000000fc     rtsv7M4_T_le_v4SPD16_eabi.lib : fd_mul_t2.obj (.text)
                  00003f7c    000000fc                                   : s_scalbn.obj (.text)
                  00004078    000000f4     driverlib.lib : sysctl.obj (.text:SysCtlClockSet)
                  0000416c    0000009c     rtsv7M4_T_le_v4SPD16_eabi.lib : memcpy_t2.obj (.text)
                  00004208    00000086                                   : fd_cmp_t2.obj (.text:__aeabi_cdcmple)
                  0000428e    00000086                                   : fd_cmp_t2.obj (.text:__aeabi_cdrcmple)
                  00004314    0000007a     driverlib.lib : adc.obj (.text:ADCSequenceStepConfigure)
                  0000438e    0000007a     rtsv7M4_T_le_v4SPD16_eabi.lib : memset_t2.obj (.text)
                  00004408    00000070                                   : autoinit.obj (.text)
                  00004478    0000006e                                   : fd_tos_t2.obj (.text)
                  000044e6    00000002                                   : startup.obj (.text)
                  000044e8    00000068     driverlib.lib : interrupt.obj (.text:IntEnable)
                  00004550    00000068     rtsv7M4_T_le_v4SPD16_eabi.lib : copy_decompress_lzss.obj (.text:decompress:lzss)
                  000045b8    00000064                                   : s_frexp.obj (.text)
                  0000461c    00000060     driverlib.lib : timer.obj (.text:TimerConfigure)
                  0000467c    00000060     rtsv7M4_T_le_v4SPD16_eabi.lib : sprintf.obj (.text)
                  000046dc    00000054                                   : boot.obj (.text)
                  00004730    00000054                                   : exit.obj (.text)
                  00004784    00000054                                   : ltoa.obj (.text)
                  000047d8    00000050     driverlib.lib : adc.obj (.text:ADCSequenceConfigure)
                  00004828    00000050                   : sysctl.obj (.text:SysCtlPeripheralReset)
                  00004878    0000004c                   : i2c.obj (.text:I2CMasterInitExpClk)
                  000048c4    0000004c     rtsv7M4_T_le_v4SPD16_eabi.lib : atoi.obj (.text)
                  00004910    0000004c                                   : cpy_tbl.obj (.text)
                  0000495c    00000048     driverlib.lib : gpio.obj (.text:GPIOPinConfigure)
                  000049a4    00000048     rtsv7M4_T_le_v4SPD16_eabi.lib : fd_toi_t2.obj (.text)
                  000049ec    00000046     driverlib.lib : uart.obj (.text:UARTConfigSetExpClk)
                  00004a32    00000044     rtsv7M4_T_le_v4SPD16_eabi.lib : fd_tou_t2.obj (.text)
                  00004a76    00000040                                   : u_divt2.obj (.text)
                  00004ab6    00000002     --HOLE-- [fill = 0]
                  00004ab8    00000038     driverlib.lib : sysctl.obj (.text:SysCtlPeripheralPresent)
                  00004af0    00000038                   : sysctl.obj (.text:SysCtlPeripheralReady)
                  00004b28    00000038     rtsv7M4_T_le_v4SPD16_eabi.lib : fs_tod_t2.obj (.text)
                  00004b60    00000036                                   : strncpy.obj (.text)
                  00004b96    00000002     --HOLE-- [fill = 0]
                  00004b98    00000034     driverlib.lib : sysctl.obj (.text:SysCtlPeripheralEnable)
                  00004bcc    0000002e                   : adc.obj (.text:ADCIntStatus)
                  00004bfa    0000002e     rtsv7M4_T_le_v4SPD16_eabi.lib : i_tofd_t2.obj (.text)
                  00004c28    0000002a     driverlib.lib : gpio.obj (.text:GPIODirModeSet)
                  00004c52    00000022                   : pwm.obj (.text:PWMGenConfigure)
                  00004c74    00000020                   : uart.obj (.text:UARTDisable)
                  00004c94    00000020     rtsv7M4_T_le_v4SPD16_eabi.lib : u_tofd_t2.obj (.text)
                  00004cb4    0000001e     driverlib.lib : adc.obj (.text:ADCSequenceDataGet)
                  00004cd2    0000001e                   : pwm.obj (.text:PWMPulseWidthSet)
                  00004cf0    0000001c     rtsv7M4_T_le_v4SPD16_eabi.lib : memccpy.obj (.text)
                  00004d0c    00000018     driverlib.lib : adc.obj (.text:ADCProcessorTrigger)
                  00004d24    00000018     rtsv7M4_T_le_v4SPD16_eabi.lib : args_main.obj (.text)
                  00004d3c    00000018                                   : strcmp.obj (.text)
                  00004d54    00000016                                   : strchr.obj (.text)
                  00004d6a    00000002     --HOLE-- [fill = 0]
                  00004d6c    00000014     driverlib.lib : sysctl.obj (.text:SysCtlPWMClockSet)
                  00004d80    00000014                   : uart.obj (.text:UARTEnable)
                  00004d94    00000014     rtsv7M4_T_le_v4SPD16_eabi.lib : _lock.obj (.text)
                  00004da8    00000014                                   : s_copysign.obj (.text)
                  00004dbc    00000014                                   : strcpy.obj (.text)
                  00004dd0    00000014                                   : strlen.obj (.text)
                  00004de4    00000012     driverlib.lib : gpio.obj (.text:GPIOPinTypeI2C)
                  00004df6    00000012                   : gpio.obj (.text:GPIOPinTypeI2CSCL)
                  00004e08    00000012                   : gpio.obj (.text:GPIOPinTypePWM)
                  00004e1a    00000012                   : gpio.obj (.text:GPIOPinTypeUART)
                  00004e2c    00000012                   : pwm.obj (.text:PWMGenPeriodGet)
                  00004e3e    00000012                   : pwm.obj (.text:PWMOutputState)
                  00004e50    00000012                   : timer.obj (.text:TimerLoadSet)
                  00004e62    00000010                   : interrupt.obj (.text:IntMasterEnable)
                  00004e72    00000010                   : pwm.obj (.text:PWMGenPeriodSet)
                  00004e82    0000000e                   : adc.obj (.text:ADCSequenceEnable)
                  00004e90    0000000e                   : timer.obj (.text:TimerEnable)
                  00004e9e    0000000e                   : uart.obj (.text:UARTCharGetNonBlocking)
                  00004eac    0000000e                   : uart.obj (.text:UARTCharsAvail)
                  00004eba    0000000e     rtsv7M4_T_le_v4SPD16_eabi.lib : copy_decompress_none.obj (.text:decompress:none)
                  00004ec8    0000000c     driverlib.lib : cpu.obj (.text:CPUcpsie)
                  00004ed4    0000000c                   : pwm.obj (.text:PWMGenEnable)
                  00004ee0    0000000c     rtsv7M4_T_le_v4SPD16_eabi.lib : copy_zero_init.obj (.text:decompress:ZI)
                  00004eec    0000000c     tm4c123gh6pm_startup_ccs.obj (.text)
                  00004ef8    0000000a     driverlib.lib : adc.obj (.text:ADCIntClear)
                  00004f02    0000000a                   : i2c.obj (.text:I2CMasterEnable)
                  00004f0c    0000000a                   : timer.obj (.text:TimerIntDisable)
                  00004f16    0000000a                   : uart.obj (.text:UARTCharGet)
                  00004f20    0000000a                   : uart.obj (.text:UARTCharPut)
                  00004f2a    0000000a                   : uart.obj (.text:UARTIntStatus)
                  00004f34    00000008                   : i2c.obj (.text:I2CMasterBusBusy)
                  00004f3c    00000008                   : i2c.obj (.text:I2CMasterBusy)
                  00004f44    00000008                   : i2c.obj (.text:I2CMasterSlaveAddrSet)
                  00004f4c    00000008                   : timer.obj (.text:TimerIntEnable)
                  00004f54    00000008                   : uart.obj (.text:UARTIntEnable)
                  00004f5c    00000006                   : gpio.obj (.text:GPIOPinRead)
                  00004f62    00000006                   : sysctl.obj (.text:SysCtlDelay)
                  00004f68    00000004                   : i2c.obj (.text:I2CMasterControl)
                  00004f6c    00000004                   : i2c.obj (.text:I2CMasterDataGet)
                  00004f70    00000004                   : i2c.obj (.text:I2CMasterDataPut)
                  00004f74    00000004                   : timer.obj (.text:TimerIntClear)
                  00004f78    00000004                   : uart.obj (.text:UARTIntClear)
                  00004f7c    00000004     rtsv7M4_T_le_v4SPD16_eabi.lib : pre_init.obj (.text)

.const     0    00004f80    000002a0     
                  00004f80    00000101     rtsv7M4_T_le_v4SPD16_eabi.lib : ctype.obj (.const:.string:_ctypes_)
                  00005081    00000003     --HOLE-- [fill = 0]
                  00005084    00000090     driverlib.lib : gpio.obj (.const:g_pui32GPIOBaseAddrs)
                  00005114    00000070                   : interrupt.obj (.const)
                  00005184    0000006c                   : sysctl.obj (.const:g_pui32Xtals)
                  000051f0    00000012     uartstdio.obj (.const:.string)
                  00005202    00000002     --HOLE-- [fill = 0]
                  00005204    0000000c     uartstdio.obj (.const:g_ui32UARTBase)
                  00005210    0000000c     uartstdio.obj (.const:g_ui32UARTPeriph)
                  0000521c    00000004     uartstdio.obj (.const)

.cinit     0    00005220    00000048     
                  00005220    0000001d     (.cinit..data.load) [load image, compression = lzss]
                  0000523d    00000003     --HOLE-- [fill = 0]
                  00005240    0000000c     (__TI_handler_table)
                  0000524c    00000004     --HOLE-- [fill = 0]
                  00005250    00000008     (.cinit..bss.load) [load image, compression = zero_init]
                  00005258    00000010     (__TI_cinit_table)

.init_array 
*          0    00000000    00000000     UNINITIALIZED

.stack     0    20000000    000007d0     UNINITIALIZED
                  20000000    000007d0     --HOLE--

.bss       0    200007d0    000000c7     UNINITIALIZED
                  200007d0    00000040     (.common:depthPID)
                  20000810    00000034     (.common:input)
                  20000844    00000034     (.common:inputUART1)
                  20000878    00000010     (.common:ADC0Value)
                  20000888    00000004     (.common:PWM_Vertical)
                  2000088c    00000004     (.common:dpressure_PSI)
                  20000890    00000004     (.common:pressure_PSI)
                  20000894    00000001     (.common:foundEOT)
                  20000895    00000001     (.common:incomingByteUART0)
                  20000896    00000001     (.common:incomingByteUART1)

.data      0    20000898    00000038     UNINITIALIZED
                  20000898    00000011     main.obj (.data)
                  200008a9    00000003     --HOLE--
                  200008ac    0000000c     rtsv7M4_T_le_v4SPD16_eabi.lib : exit.obj (.data:$O1$$)
                  200008b8    00000008                                   : _lock.obj (.data:$O1$$)
                  200008c0    00000005     uartstdio.obj (.data)
                  200008c5    00000003     --HOLE--
                  200008c8    00000004     rtsv7M4_T_le_v4SPD16_eabi.lib : errno.obj (.data)
                  200008cc    00000004                                   : stkdepth_vars.obj (.data)

MODULE SUMMARY

       Module                         code    ro data   rw data
       ------                         ----    -------   -------
    .\
       main.obj                       7956    0         216    
       uartstdio.obj                  1180    46        5      
       tm4c123gh6pm_startup_ccs.obj   12      620       0      
    +--+------------------------------+-------+---------+---------+
       Total:                         9148    666       221    
                                                               
    ../driverlib.lib
       sysctl.obj                     786     108       0      
       gpio.obj                       498     144       0      
       adc.obj                        326     0         0      
       interrupt.obj                  120     112       0      
       uart.obj                       192     0         0      
       timer.obj                      150     0         0      
       pwm.obj                        128     0         0      
       i2c.obj                        122     0         0      
       cpu.obj                        12      0         0      
    +--+------------------------------+-------+---------+---------+
       Total:                         2334    364       0      
                                                               
    F:\ti\ccsv7\tools\compiler\ti-cgt-arm_16.9.3.LTS\lib\rtsv7M4_T_le_v4SPD16_eabi.lib
       _printfi.obj                   4414    0         0      
       ull_div_t2.obj                 500     0         0      
       fd_add_t2.obj                  438     0         0      
       fd_div_t2.obj                  310     0         0      
       fd_cmp_t2.obj                  268     0         0      
       ctype.obj                      0       257       0      
       fd_mul_t2.obj                  252     0         0      
       s_scalbn.obj                   252     0         0      
       memcpy_t2.obj                  156     0         0      
       memset_t2.obj                  122     0         0      
       autoinit.obj                   112     0         0      
       fd_tos_t2.obj                  110     0         0      
       copy_decompress_lzss.obj       104     0         0      
       s_frexp.obj                    100     0         0      
       exit.obj                       84      0         12     
       sprintf.obj                    96      0         0      
       boot.obj                       84      0         0      
       ltoa.obj                       84      0         0      
       atoi.obj                       76      0         0      
       cpy_tbl.obj                    76      0         0      
       fd_toi_t2.obj                  72      0         0      
       fd_tou_t2.obj                  68      0         0      
       u_divt2.obj                    64      0         0      
       fs_tod_t2.obj                  56      0         0      
       strncpy.obj                    54      0         0      
       i_tofd_t2.obj                  46      0         0      
       u_tofd_t2.obj                  32      0         0      
       _lock.obj                      20      0         8      
       memccpy.obj                    28      0         0      
       args_main.obj                  24      0         0      
       strcmp.obj                     24      0         0      
       strchr.obj                     22      0         0      
       s_copysign.obj                 20      0         0      
       strcpy.obj                     20      0         0      
       strlen.obj                     20      0         0      
       copy_decompress_none.obj       14      0         0      
       copy_zero_init.obj             12      0         0      
       errno.obj                      0       0         4      
       pre_init.obj                   4       0         0      
       stkdepth_vars.obj              0       0         4      
       i_div0.obj                     2       0         0      
       mpu_init.obj                   2       0         0      
       startup.obj                    2       0         0      
    +--+------------------------------+-------+---------+---------+
       Total:                         8244    257       28     
                                                               
       Stack:                         0       0         2000   
       Linker Generated:              0       65        0      
    +--+------------------------------+-------+---------+---------+
       Grand Total:                   19726   1352      2249   


LINKER GENERATED COPY TABLES

__TI_cinit_table @ 00005258 records: 2, size/record: 8, table size: 16
	.data: load addr=00005220, load size=0000001d bytes, run addr=20000898, run size=00000038 bytes, compression=lzss
	.bss: load addr=00005250, load size=00000008 bytes, run addr=200007d0, run size=000000c7 bytes, compression=zero_init


LINKER GENERATED HANDLER TABLE

__TI_handler_table @ 00005240 records: 3, size/record: 4, table size: 12
	index: 0, handler: __TI_decompress_lzss
	index: 1, handler: __TI_decompress_none
	index: 2, handler: __TI_zero_init


GLOBAL SYMBOLS: SORTED ALPHABETICALLY BY Name 

address   name                           
-------   ----                           
20000878  ADC0Value                      
00004ef9  ADCIntClear                    
00004bcd  ADCIntStatus                   
00004d0d  ADCProcessorTrigger            
000047d9  ADCSequenceConfigure           
00004cb5  ADCSequenceDataGet             
00004e83  ADCSequenceEnable              
00004315  ADCSequenceStepConfigure       
00004731  C$$EXIT                        
00004ec9  CPUcpsie                       
00004c29  GPIODirModeSet                 
00003c3d  GPIOPadConfigSet               
0000495d  GPIOPinConfigure               
00004f5d  GPIOPinRead                    
00004de5  GPIOPinTypeI2C                 
00004df7  GPIOPinTypeI2CSCL              
00004e09  GPIOPinTypePWM                 
00004e1b  GPIOPinTypeUART                
000007f1  GyroCallBack                   
00004f35  I2CMasterBusBusy               
00004f3d  I2CMasterBusy                  
00004f69  I2CMasterControl               
00004f6d  I2CMasterDataGet               
00004f71  I2CMasterDataPut               
00004f03  I2CMasterEnable                
00004879  I2CMasterInitExpClk            
00004f45  I2CMasterSlaveAddrSet          
00000a51  I2CReceive                     
00000939  I2CSend                        
00000821  InitGyro                       
0000075d  InitI2C0                       
0000052f  InitPWM                        
0000079d  InitPressureADC                
000006b9  InitRGB                        
000008d1  InitRTI                        
00000489  InitUART0                      
000004e5  InitUART1                      
000044e9  IntEnable                      
00004e63  IntMasterEnable                
00000f85  LEDtest                        
00001241  PIDTest                        
0000026d  PID_Compute                    
000003dd  PID_Initialize                 
00000425  PID_SetControllerDirection     
00004c53  PWMGenConfigure                
00004ed5  PWMGenEnable                   
00004e2d  PWMGenPeriodGet                
00004e73  PWMGenPeriodSet                
00004e3f  PWMOutputState                 
00004cd3  PWMPulseWidthSet               
20000888  PWM_Vertical                   
00004eed  ResetISR                       
UNDEFED   SHT$$INIT_ARRAY$$Base          
UNDEFED   SHT$$INIT_ARRAY$$Limit         
00000d45  SetRBG                         
00003d71  SysCtlClockGet                 
00004079  SysCtlClockSet                 
00004f63  SysCtlDelay                    
00004d6d  SysCtlPWMClockSet              
00004b99  SysCtlPeripheralEnable         
00004ab9  SysCtlPeripheralPresent        
00004af1  SysCtlPeripheralReady          
00004829  SysCtlPeripheralReset          
00001f59  Timer0IntHandler               
0000461d  TimerConfigure                 
00004e91  TimerEnable                    
00004f75  TimerIntClear                  
00004f0d  TimerIntDisable                
00004f4d  TimerIntEnable                 
00004e51  TimerLoadSet                   
00001d87  UART0IntHandler                
00001e9b  UART1IntHandler                
00004f17  UARTCharGet                    
00004e9f  UARTCharGetNonBlocking         
00004f21  UARTCharPut                    
00004ead  UARTCharsAvail                 
000049ed  UARTConfigSetExpClk            
00004c75  UARTDisable                    
00004d81  UARTEnable                     
00004f79  UARTIntClear                   
00004f55  UARTIntEnable                  
00004f2b  UARTIntStatus                  
000032c1  UARTStdioConfig                
00003407  UARTgetc                       
0000334d  UARTgets                       
00003727  UARTprintf                     
0000342d  UARTvprintf                    
00003307  UARTwrite                      
200007d0  __STACK_END                    
000007d0  __STACK_SIZE                   
20000200  __STACK_TOP                    
00005258  __TI_CINIT_Base                
00005268  __TI_CINIT_Limit               
00005240  __TI_Handler_Table_Base        
0000524c  __TI_Handler_Table_Limit       
00004409  __TI_auto_init                 
200008ac  __TI_cleanup_ptr               
00004551  __TI_decompress_lzss           
00004ebb  __TI_decompress_none           
200008b0  __TI_dtors_ptr                 
200008b4  __TI_enable_exit_profile_output
ffffffff  __TI_pprof_out_hndl            
000029c5  __TI_printfi                   
ffffffff  __TI_prof_data_size            
ffffffff  __TI_prof_data_start           
00000000  __TI_static_base__             
00004ee1  __TI_zero_init                 
00004209  __aeabi_cdcmpeq                
00004209  __aeabi_cdcmple                
0000428f  __aeabi_cdrcmple               
00004479  __aeabi_d2f                    
000049a5  __aeabi_d2iz                   
00004a33  __aeabi_d2uiz                  
0000395b  __aeabi_dadd                   
00003b07  __aeabi_ddiv                   
00003e81  __aeabi_dmul                   
00003951  __aeabi_dsub                   
00004b29  __aeabi_f2d                    
00004bfb  __aeabi_i2d                    
000032bf  __aeabi_idiv0                  
0000438f  __aeabi_memclr                 
0000438f  __aeabi_memclr4                
0000438f  __aeabi_memclr8                
0000416d  __aeabi_memcpy                 
0000416d  __aeabi_memcpy4                
0000416d  __aeabi_memcpy8                
00004391  __aeabi_memset                 
00004391  __aeabi_memset4                
00004391  __aeabi_memset8                
00004c95  __aeabi_ui2d                   
00004a77  __aeabi_uidiv                  
00004a77  __aeabi_uidivmod               
0000375d  __aeabi_uldivmod               
ffffffff  __binit__                      
ffffffff  __c_args__                     
00003d6f  __mpu_init                     
20000000  __stack                        
00004d25  _args_main                     
000046dd  _c_int00                       
00004f80  _ctypes_                       
200008b8  _lock                          
00004da3  _nop                           
00004d9b  _register_lock                 
00004d95  _register_unlock               
000044e7  _system_post_cinit             
00004f7d  _system_pre_init               
200008bc  _unlock                        
00004735  abort                          
000048c5  atoi                           
ffffffff  binit                          
00004911  copy_in                        
00004da9  copysign                       
00004da9  copysignl                      
200007d0  depthPID                       
2000088c  dpressure_PSI                  
200008c8  errno                          
0000473d  exit                           
00000dfd  floatSend                      
20000894  foundEOT                       
000045b9  frexp                          
000045b9  frexpl                         
00000000  g_pfnVectors                   
200008a8  gyroDone                       
20000895  incomingByteUART0              
20000896  incomingByteUART1              
20000810  input                          
20000898  inputIndex                     
2000089c  inputIndexUART1                
20000844  inputUART1                     
00000c53  killMotors                     
00003f7d  ldexp                          
00003f7d  ldexpl                         
00004785  ltoa                           
00001809  main                           
200008cc  main_func_sp                   
00000eab  manualMotor                    
00004cf1  memccpy                        
0000416d  memcpy                         
00004397  memset                         
000012a3  motorTest                      
00000ca7  multiReadADC                   
00000ced  pressureADC                    
200008a4  pressureResistor               
00000eb1  pressureTest                   
00000d31  pressureToDepth                
20000890  pressure_PSI                   
00000c61  readADC                        
200008a0  ready                          
00000e6b  resetInput                     
00003f7d  scalbn                         
00003f7d  scalbnl                        
00000b09  setMotors                      
0000467d  sprintf                        
00004d55  strchr                         
00004d3d  strcmp                         
00004dbd  strcpy                         
00004dd1  strlen                         
00004b61  strncpy                        
0000141d  systemTest                     


GLOBAL SYMBOLS: SORTED BY Symbol Address 

address   name                           
-------   ----                           
00000000  __TI_static_base__             
00000000  g_pfnVectors                   
0000026d  PID_Compute                    
000003dd  PID_Initialize                 
00000425  PID_SetControllerDirection     
00000489  InitUART0                      
000004e5  InitUART1                      
0000052f  InitPWM                        
000006b9  InitRGB                        
0000075d  InitI2C0                       
0000079d  InitPressureADC                
000007d0  __STACK_SIZE                   
000007f1  GyroCallBack                   
00000821  InitGyro                       
000008d1  InitRTI                        
00000939  I2CSend                        
00000a51  I2CReceive                     
00000b09  setMotors                      
00000c53  killMotors                     
00000c61  readADC                        
00000ca7  multiReadADC                   
00000ced  pressureADC                    
00000d31  pressureToDepth                
00000d45  SetRBG                         
00000dfd  floatSend                      
00000e6b  resetInput                     
00000eab  manualMotor                    
00000eb1  pressureTest                   
00000f85  LEDtest                        
00001241  PIDTest                        
000012a3  motorTest                      
0000141d  systemTest                     
00001809  main                           
00001d87  UART0IntHandler                
00001e9b  UART1IntHandler                
00001f59  Timer0IntHandler               
000029c5  __TI_printfi                   
000032bf  __aeabi_idiv0                  
000032c1  UARTStdioConfig                
00003307  UARTwrite                      
0000334d  UARTgets                       
00003407  UARTgetc                       
0000342d  UARTvprintf                    
00003727  UARTprintf                     
0000375d  __aeabi_uldivmod               
00003951  __aeabi_dsub                   
0000395b  __aeabi_dadd                   
00003b07  __aeabi_ddiv                   
00003c3d  GPIOPadConfigSet               
00003d6f  __mpu_init                     
00003d71  SysCtlClockGet                 
00003e81  __aeabi_dmul                   
00003f7d  ldexp                          
00003f7d  ldexpl                         
00003f7d  scalbn                         
00003f7d  scalbnl                        
00004079  SysCtlClockSet                 
0000416d  __aeabi_memcpy                 
0000416d  __aeabi_memcpy4                
0000416d  __aeabi_memcpy8                
0000416d  memcpy                         
00004209  __aeabi_cdcmpeq                
00004209  __aeabi_cdcmple                
0000428f  __aeabi_cdrcmple               
00004315  ADCSequenceStepConfigure       
0000438f  __aeabi_memclr                 
0000438f  __aeabi_memclr4                
0000438f  __aeabi_memclr8                
00004391  __aeabi_memset                 
00004391  __aeabi_memset4                
00004391  __aeabi_memset8                
00004397  memset                         
00004409  __TI_auto_init                 
00004479  __aeabi_d2f                    
000044e7  _system_post_cinit             
000044e9  IntEnable                      
00004551  __TI_decompress_lzss           
000045b9  frexp                          
000045b9  frexpl                         
0000461d  TimerConfigure                 
0000467d  sprintf                        
000046dd  _c_int00                       
00004731  C$$EXIT                        
00004735  abort                          
0000473d  exit                           
00004785  ltoa                           
000047d9  ADCSequenceConfigure           
00004829  SysCtlPeripheralReset          
00004879  I2CMasterInitExpClk            
000048c5  atoi                           
00004911  copy_in                        
0000495d  GPIOPinConfigure               
000049a5  __aeabi_d2iz                   
000049ed  UARTConfigSetExpClk            
00004a33  __aeabi_d2uiz                  
00004a77  __aeabi_uidiv                  
00004a77  __aeabi_uidivmod               
00004ab9  SysCtlPeripheralPresent        
00004af1  SysCtlPeripheralReady          
00004b29  __aeabi_f2d                    
00004b61  strncpy                        
00004b99  SysCtlPeripheralEnable         
00004bcd  ADCIntStatus                   
00004bfb  __aeabi_i2d                    
00004c29  GPIODirModeSet                 
00004c53  PWMGenConfigure                
00004c75  UARTDisable                    
00004c95  __aeabi_ui2d                   
00004cb5  ADCSequenceDataGet             
00004cd3  PWMPulseWidthSet               
00004cf1  memccpy                        
00004d0d  ADCProcessorTrigger            
00004d25  _args_main                     
00004d3d  strcmp                         
00004d55  strchr                         
00004d6d  SysCtlPWMClockSet              
00004d81  UARTEnable                     
00004d95  _register_unlock               
00004d9b  _register_lock                 
00004da3  _nop                           
00004da9  copysign                       
00004da9  copysignl                      
00004dbd  strcpy                         
00004dd1  strlen                         
00004de5  GPIOPinTypeI2C                 
00004df7  GPIOPinTypeI2CSCL              
00004e09  GPIOPinTypePWM                 
00004e1b  GPIOPinTypeUART                
00004e2d  PWMGenPeriodGet                
00004e3f  PWMOutputState                 
00004e51  TimerLoadSet                   
00004e63  IntMasterEnable                
00004e73  PWMGenPeriodSet                
00004e83  ADCSequenceEnable              
00004e91  TimerEnable                    
00004e9f  UARTCharGetNonBlocking         
00004ead  UARTCharsAvail                 
00004ebb  __TI_decompress_none           
00004ec9  CPUcpsie                       
00004ed5  PWMGenEnable                   
00004ee1  __TI_zero_init                 
00004eed  ResetISR                       
00004ef9  ADCIntClear                    
00004f03  I2CMasterEnable                
00004f0d  TimerIntDisable                
00004f17  UARTCharGet                    
00004f21  UARTCharPut                    
00004f2b  UARTIntStatus                  
00004f35  I2CMasterBusBusy               
00004f3d  I2CMasterBusy                  
00004f45  I2CMasterSlaveAddrSet          
00004f4d  TimerIntEnable                 
00004f55  UARTIntEnable                  
00004f5d  GPIOPinRead                    
00004f63  SysCtlDelay                    
00004f69  I2CMasterControl               
00004f6d  I2CMasterDataGet               
00004f71  I2CMasterDataPut               
00004f75  TimerIntClear                  
00004f79  UARTIntClear                   
00004f7d  _system_pre_init               
00004f80  _ctypes_                       
00005240  __TI_Handler_Table_Base        
0000524c  __TI_Handler_Table_Limit       
00005258  __TI_CINIT_Base                
00005268  __TI_CINIT_Limit               
20000000  __stack                        
20000200  __STACK_TOP                    
200007d0  __STACK_END                    
200007d0  depthPID                       
20000810  input                          
20000844  inputUART1                     
20000878  ADC0Value                      
20000888  PWM_Vertical                   
2000088c  dpressure_PSI                  
20000890  pressure_PSI                   
20000894  foundEOT                       
20000895  incomingByteUART0              
20000896  incomingByteUART1              
20000898  inputIndex                     
2000089c  inputIndexUART1                
200008a0  ready                          
200008a4  pressureResistor               
200008a8  gyroDone                       
200008ac  __TI_cleanup_ptr               
200008b0  __TI_dtors_ptr                 
200008b4  __TI_enable_exit_profile_output
200008b8  _lock                          
200008bc  _unlock                        
200008c8  errno                          
200008cc  main_func_sp                   
ffffffff  __TI_pprof_out_hndl            
ffffffff  __TI_prof_data_size            
ffffffff  __TI_prof_data_start           
ffffffff  __binit__                      
ffffffff  __c_args__                     
ffffffff  binit                          
UNDEFED   SHT$$INIT_ARRAY$$Base          
UNDEFED   SHT$$INIT_ARRAY$$Limit         

[199 symbols]
